>seq1
TTCCTGAAGAACATAATGCCTGCCTACCATCAACAGGCATCAATACTTTC
TACCAGCTATTCTCAACCCTCATGATCGGAAGAGACAGAGACTGACTGTG
TCAAAGTATTAGTCCCATCATTCAGCAATTAACTTTAGCTCAATGCTTCA
AAAATTCTTCAGGCCCTGTGTAATTTCAGCTACGTACATTAATGATGAGT
ACCCATACAACC
>seq2
ATTCTGTTTCTTATTTTCAGTACCATAT
>seq3
TTAATAAATATCAGTTATTCAATACTTTATTTAGACATTTTGTTAGATTA
TTTTGACCAACTGAAGTCTAATCTAAATGTTCTGAGCATGTTCAAAGTAA
GCTAGGCCAACCTATAATTTTCGGTGTGCTAAATGCATTTTTAACTTATG
ATATTTTCAGTTTACGGGGGTTTGTTGAGACATAACTTCATCATACATCA
AGGAGCATCTGTATATGGGATATAGTTAAAGCAGTGATCAGAGGAAAATC
TATAGCCTTAACACATTTATTAATAAAAGTGTAGGAATTAAATTATCAGC
TGAAAAATGTAAAAAGTATCTAAAAGAGTAAGCAGAAAGTACAAGAAAGA
ACCCAAAGTAGAAAAAAGTGAAAATTAATAAAATAAGAAGCCAAAAAACA
GATCAAATCAGTAAACCAAAAATCTTGTTCTTTAAACAAATCAACAAAGT
TGACAAAAAAATTAGATCTTTTAATCATGAATAAAAAAAAGAGAAAGCAC
AAAAATGAATAAGGAATGGTGAGAGAAATAACTATTGATAATCAGCAAAT
AAAAAATCATTAAAAACAATGTTGTTCACATCTATGAAAAACATTGAAAG
CTAGAGGGAATGGGTAATTTTCTAGAAAAATACAATTCACCACAACTGAC
TTCAAAAAAAAAAAAAAAAAAAAAGAAGTACCGCACTTATGTGAGCAATT
TCCATAGAGAAATACAGTTGTCATGGAATTATAACACACACACAAACACT
AGGTTTAGATGTTTTCACAGAGAATTCCACCAAACCTTTAGAAATCAGAT
CGTCCAAAGGCAAATTAAC
